../Core/Src/lcd_16x2.c:16:6:LCD16_Init	16	static
../Core/Src/lcd_16x2.c:39:6:LCD16_Clear	8	static
../Core/Src/lcd_16x2.c:44:6:LCD16_SetCursor	24	static
../Core/Src/lcd_16x2.c:50:6:LCD16_DisplayOn	8	static
../Core/Src/lcd_16x2.c:55:6:LCD16_DisplayOff	8	static
../Core/Src/lcd_16x2.c:60:6:LCD16_ShowCursor	8	static
../Core/Src/lcd_16x2.c:65:6:LCD16_HideCursor	8	static
../Core/Src/lcd_16x2.c:70:6:LCD16_BlinkCursor	8	static
../Core/Src/lcd_16x2.c:75:6:LCD16_StopBlink	8	static
../Core/Src/lcd_16x2.c:80:6:LCD16_PrintStr	16	static
../Core/Src/lcd_16x2.c:88:13:lcd_send_command	16	static
../Core/Src/lcd_16x2.c:92:13:lcd_send_data	16	static
../Core/Src/lcd_16x2.c:96:13:lcd_write	24	static
../Core/Src/lcd_16x2.c:103:13:lcd_write_4bits	16	static
../Core/Src/lcd_16x2.c:108:13:lcd_pulse_enable	16	static
../Core/Src/lcd_16x2.c:115:13:lcd_write_i2c	24	static
../Core/Src/lcd_16x2.c:119:13:lcd_delay_us	24	static
../Core/Src/lcd_16x2.c:124:6:LCD16_PrintChar	24	static
